  Hexalith.Commons.Aspire -> /home/administrator/projects/hexalith/conversations/references/Hexalith.Commons/src/libraries/Hexalith.Commons.Aspire/bin/Release/net10.0/Hexalith.Commons.Aspire.dll
  Hexalith.Commons.Diagnostics -> /home/administrator/projects/hexalith/conversations/references/Hexalith.Commons/src/libraries/Hexalith.Commons.Diagnostics/bin/Release/net10.0/Hexalith.Commons.Diagnostics.dll
  Hexalith.Commons.Http -> /home/administrator/projects/hexalith/conversations/references/Hexalith.Commons/src/libraries/Hexalith.Commons.Http/bin/Release/net10.0/Hexalith.Commons.Http.dll
  Hexalith.Commons.Publication -> /home/administrator/projects/hexalith/conversations/references/Hexalith.Commons/src/libraries/Hexalith.Commons.Publication/bin/Release/net10.0/Hexalith.Commons.Publication.dll
  Hexalith.Commons.Serialization -> /home/administrator/projects/hexalith/conversations/references/Hexalith.Commons/src/libraries/Hexalith.Commons.Serialization/bin/Release/net10.0/Hexalith.Commons.Serialization.dll
  Hexalith.Commons.ServiceDefaults -> /home/administrator/projects/hexalith/conversations/references/Hexalith.Commons/src/libraries/Hexalith.Commons.ServiceDefaults/bin/Release/net10.0/Hexalith.Commons.ServiceDefaults.dll
  Hexalith.Commons.TenantAccess -> /home/administrator/projects/hexalith/conversations/references/Hexalith.Commons/src/libraries/Hexalith.Commons.TenantAccess/bin/Release/net10.0/Hexalith.Commons.TenantAccess.dll
  Hexalith.Commons.UniqueIds -> /home/administrator/projects/hexalith/conversations/references/Hexalith.Commons/src/libraries/Hexalith.Commons.UniqueIds/bin/Release/net10.0/Hexalith.Commons.UniqueIds.dll
  Hexalith.Commons.Aspire.Tests -> /home/administrator/projects/hexalith/conversations/references/Hexalith.Commons/test/Hexalith.Commons.Aspire.Tests/bin/Release/net10.0/Hexalith.Commons.Aspire.Tests.dll
  Hexalith.Commons.Diagnostics.Tests -> /home/administrator/projects/hexalith/conversations/references/Hexalith.Commons/test/Hexalith.Commons.Diagnostics.Tests/bin/Release/net10.0/Hexalith.Commons.Diagnostics.Tests.dll
  Hexalith.Commons.Publication.Tests -> /home/administrator/projects/hexalith/conversations/references/Hexalith.Commons/test/Hexalith.Commons.Publication.Tests/bin/Release/net10.0/Hexalith.Commons.Publication.Tests.dll
  Hexalith.Commons.Serialization.Tests -> /home/administrator/projects/hexalith/conversations/references/Hexalith.Commons/test/Hexalith.Commons.Serialization.Tests/bin/Release/net10.0/Hexalith.Commons.Serialization.Tests.dll
  Hexalith.Commons.ServiceDefaults.Tests -> /home/administrator/projects/hexalith/conversations/references/Hexalith.Commons/test/Hexalith.Commons.ServiceDefaults.Tests/bin/Release/net10.0/Hexalith.Commons.ServiceDefaults.Tests.dll
  Hexalith.EventStore.Contracts -> /home/administrator/projects/hexalith/conversations/references/Hexalith.EventStore/src/Hexalith.EventStore.Contracts/bin/Release/net10.0/Hexalith.EventStore.Contracts.dll
  Hexalith.EventStore.Client -> /home/administrator/projects/hexalith/conversations/references/Hexalith.EventStore/src/Hexalith.EventStore.Client/bin/Release/net10.0/Hexalith.EventStore.Client.dll
  Hexalith.EventStore.ServiceDefaults -> /home/administrator/projects/hexalith/conversations/references/Hexalith.EventStore/src/Hexalith.EventStore.ServiceDefaults/bin/Release/net10.0/Hexalith.EventStore.ServiceDefaults.dll
  Hexalith.EventStore.DomainService -> /home/administrator/projects/hexalith/conversations/references/Hexalith.EventStore/src/Hexalith.EventStore.DomainService/bin/Release/net10.0/Hexalith.EventStore.DomainService.dll
  Hexalith.EventStore.Server -> /home/administrator/projects/hexalith/conversations/references/Hexalith.EventStore/src/Hexalith.EventStore.Server/bin/Release/net10.0/Hexalith.EventStore.Server.dll
  Hexalith.EventStore.Testing -> /home/administrator/projects/hexalith/conversations/references/Hexalith.EventStore/src/Hexalith.EventStore.Testing/bin/Release/net10.0/Hexalith.EventStore.Testing.dll
  Hexalith.Tenants.Contracts -> /home/administrator/projects/hexalith/conversations/references/Hexalith.Tenants/src/Hexalith.Tenants.Contracts/bin/Release/net10.0/Hexalith.Tenants.Contracts.dll
  Hexalith.Tenants.Client -> /home/administrator/projects/hexalith/conversations/references/Hexalith.Tenants/src/Hexalith.Tenants.Client/bin/Release/net10.0/Hexalith.Tenants.Client.dll
  Hexalith.Conversations.Contracts -> /home/administrator/projects/hexalith/conversations/src/Hexalith.Conversations.Contracts/bin/Release/net10.0/Hexalith.Conversations.Contracts.dll
  Hexalith.Conversations -> /home/administrator/projects/hexalith/conversations/src/Hexalith.Conversations/bin/Release/net10.0/Hexalith.Conversations.dll
  Hexalith.Conversations.Testing -> /home/administrator/projects/hexalith/conversations/src/Hexalith.Conversations.Testing/bin/Release/net10.0/Hexalith.Conversations.Testing.dll
  Hexalith.Conversations.Admin.Web -> /home/administrator/projects/hexalith/conversations/src/Hexalith.Conversations.Admin.Web/bin/Release/net10.0/Hexalith.Conversations.Admin.Web.dll
  Hexalith.Conversations.Server -> /home/administrator/projects/hexalith/conversations/src/Hexalith.Conversations.Server/bin/Release/net10.0/Hexalith.Conversations.Server.dll
  Hexalith.EventStore.Aspire -> /home/administrator/projects/hexalith/conversations/references/Hexalith.EventStore/src/Hexalith.EventStore.Aspire/bin/Debug/net10.0/Hexalith.EventStore.Aspire.dll
  Hexalith.EventStore.Admin.Abstractions -> /home/administrator/projects/hexalith/conversations/references/Hexalith.EventStore/src/Hexalith.EventStore.Admin.Abstractions/bin/Debug/net10.0/Hexalith.EventStore.Admin.Abstractions.dll
  Hexalith.EventStore.Gateway -> /home/administrator/projects/hexalith/conversations/references/Hexalith.EventStore/src/Hexalith.EventStore.Gateway/bin/Debug/net10.0/Hexalith.EventStore.Gateway.dll
  Hexalith.EventStore -> /home/administrator/projects/hexalith/conversations/references/Hexalith.EventStore/src/Hexalith.EventStore/bin/Debug/net10.0/Hexalith.EventStore.dll
  Hexalith.Conversations.AppHost -> /home/administrator/projects/hexalith/conversations/src/Hexalith.Conversations.AppHost/bin/Release/net10.0/Hexalith.Conversations.AppHost.dll
  Hexalith.Conversations.Client -> /home/administrator/projects/hexalith/conversations/src/Hexalith.Conversations.Client/bin/Release/net10.0/Hexalith.Conversations.Client.dll
  Hexalith.Conversations.Admin.Web.Tests -> /home/administrator/projects/hexalith/conversations/tests/Hexalith.Conversations.Admin.Web.Tests/bin/Release/net10.0/Hexalith.Conversations.Admin.Web.Tests.dll
  Hexalith.Conversations.AppHost.Tests -> /home/administrator/projects/hexalith/conversations/tests/Hexalith.Conversations.AppHost.Tests/bin/Release/net10.0/Hexalith.Conversations.AppHost.Tests.dll
  Hexalith.Conversations.Client.Tests -> /home/administrator/projects/hexalith/conversations/tests/Hexalith.Conversations.Client.Tests/bin/Release/net10.0/Hexalith.Conversations.Client.Tests.dll
  Hexalith.Conversations.Conformance.Tests -> /home/administrator/projects/hexalith/conversations/tests/Hexalith.Conversations.Conformance.Tests/bin/Release/net10.0/Hexalith.Conversations.Conformance.Tests.dll
  Hexalith.Conversations.Contracts.Tests -> /home/administrator/projects/hexalith/conversations/tests/Hexalith.Conversations.Contracts.Tests/bin/Release/net10.0/Hexalith.Conversations.Contracts.Tests.dll
  Hexalith.EventStore.Testing.Integration -> /home/administrator/projects/hexalith/conversations/references/Hexalith.EventStore/src/Hexalith.EventStore.Testing.Integration/bin/Debug/net10.0/Hexalith.EventStore.Testing.Integration.dll
  Hexalith.Conversations.IntegrationTests -> /home/administrator/projects/hexalith/conversations/tests/Hexalith.Conversations.IntegrationTests/bin/Release/net10.0/Hexalith.Conversations.IntegrationTests.dll
  Hexalith.Conversations.Server.Tests -> /home/administrator/projects/hexalith/conversations/tests/Hexalith.Conversations.Server.Tests/bin/Release/net10.0/Hexalith.Conversations.Server.Tests.dll
  Hexalith.Conversations.Tests -> /home/administrator/projects/hexalith/conversations/tests/Hexalith.Conversations.Tests/bin/Release/net10.0/Hexalith.Conversations.Tests.dll
